mkdir git_challenge

pmxrguest@PmxrGuest3 MINGW64 ~/Documents
$ cd git_challenge

pmxrguest@PmxrGuest3 MINGW64 ~/Documents/git_challenge
$ git init
Initialized empty Git repository in C:/Users/pmxrguest/Documents/git_challenge/.git/

pmxrguest@PmxrGuest3 MINGW64 ~/Documents/git_challenge (main)
$ git add hello_world.txt

pmxrguest@PmxrGuest3 MINGW64 ~/Documents/git_challenge (main)
$ cd hello_world.txt
bash: cd: hello_world.txt: Not a directory

pmxrguest@PmxrGuest3 MINGW64 ~/Documents/git_challenge (main)
$ git commit -m "コミット最初"
[main (root-commit) 2aa60b0] コミット最初
 1 file changed, 0 insertions(+), 0 deletions(-)
 create mode 100644 hello_world.txt
git add hello_world.txt

pmxrguest@PmxrGuest3 MINGW64 ~/Documents/git_challenge (main)
$ git commit -m "コミット次"
[main 2cc9348] コミット次
 1 file changed, 2 insertions(+)
$ git log --oneline
2cc9348 (HEAD -> main) コミット次
2aa60b0 コミット最初
